../Core/Src/main.c:113:5:main	8	static
../Core/Src/main.c:209:6:SystemClock_Config	88	static
../Core/Src/main.c:256:13:MX_ADC1_Init	24	static
../Core/Src/main.c:303:13:MX_ADC2_Init	24	static
../Core/Src/main.c:350:13:MX_USART1_UART_Init	8	static
../Core/Src/main.c:383:13:MX_GPIO_Init	32	static
../Core/Src/main.c:426:6:StartTask01	80	static
../Core/Src/main.c:477:6:StartTask02	16	static
../Core/Src/main.c:504:6:StartTask03	128	static
../Core/Src/main.c:543:6:Error_Handler	4	static,ignoring_inline_asm
