../Core/Src/main.c:109:5:main	8	static
../Core/Src/main.c:205:6:SystemClock_Config	88	static
../Core/Src/main.c:252:13:MX_ADC1_Init	48	static
../Core/Src/main.c:312:13:MX_ADC2_Init	48	static
../Core/Src/main.c:372:13:MX_USART1_UART_Init	8	static
../Core/Src/main.c:405:13:MX_GPIO_Init	32	static
../Core/Src/main.c:448:6:StartTask01	128	static
../Core/Src/main.c:486:6:StartTask02	16	static
../Core/Src/main.c:513:6:StartTask03	16	static
../Core/Src/main.c:530:6:Error_Handler	4	static,ignoring_inline_asm
